C:/TouchGFXProjects/TouchPad/Core/Src/main.c:856:13:SPI5_Write	16	static
C:/TouchGFXProjects/TouchPad/Core/Src/main.c:968:6:StartDefaultTask	8	static
C:/TouchGFXProjects/TouchPad/Core/Src/main.c:243:6:SystemClock_Config	96	static
C:/TouchGFXProjects/TouchPad/Core/Src/main.c:151:5:main	112	static
C:/TouchGFXProjects/TouchPad/Core/Src/main.c:700:6:IOE_Init	0	static
C:/TouchGFXProjects/TouchPad/Core/Src/main.c:709:6:IOE_ITConfig	0	static
C:/TouchGFXProjects/TouchPad/Core/Src/main.c:721:6:IOE_Write	32	static
C:/TouchGFXProjects/TouchPad/Core/Src/main.c:732:9:IOE_Read	32	static
C:/TouchGFXProjects/TouchPad/Core/Src/main.c:745:10:IOE_ReadMultiple	24	static
C:/TouchGFXProjects/TouchPad/Core/Src/main.c:754:6:IOE_Delay	0	static
C:/TouchGFXProjects/TouchPad/Core/Src/main.c:882:6:LCD_IO_Init	8	static
C:/TouchGFXProjects/TouchPad/Core/Src/main.c:892:6:LCD_IO_WriteData	16	static
C:/TouchGFXProjects/TouchPad/Core/Src/main.c:908:6:LCD_IO_WriteReg	16	static
C:/TouchGFXProjects/TouchPad/Core/Src/main.c:927:10:LCD_IO_ReadData	32	static
C:/TouchGFXProjects/TouchPad/Core/Src/main.c:954:6:LCD_Delay	0	static
C:/TouchGFXProjects/TouchPad/Core/Src/main.c:989:6:HAL_TIM_PeriodElapsedCallback	0	static
C:/TouchGFXProjects/TouchPad/Core/Src/main.c:1007:6:Error_Handler	0	static
